
> workspace@0.0.0 build C:\Users\nigga\Downloads\Scootware-Forum\Scootware-Forum
> pnpm run typecheck && pnpm -r --filter '!next-app' --filter '!@workspace/mockup-sandbox' --if-present run build


> workspace@0.0.0 typecheck C:\Users\nigga\Downloads\Scootware-Forum\Scootware-Forum
> pnpm run typecheck:libs && pnpm -r --workspace-concurrency 1 --filter "./artifacts/**" --filter '!@workspace/mockup-sandbox' --filter '!@workspace/next-app' --filter "./scripts" --if-present run typecheck


> workspace@0.0.0 typecheck:libs C:\Users\nigga\Downloads\Scootware-Forum\Scootware-Forum
> tsc --build

No projects matched the filters "'!@workspace/mockup-sandbox', '!@workspace/next-app'" in "C:\Users\nigga\Downloads\Scootware-Forum\Scootware-Forum"
Scope: 5 of 10 workspace projects
No projects matched the filters in "C:\Users\nigga\Downloads\Scootware-Forum\Scootware-Forum"
