2026-03-30 18:40:35 - deployment_manager - INFO - ======================================================================
2026-03-30 18:40:35 - deployment_manager - INFO - FULL PRODUCTION DEPLOYMENT STARTED
2026-03-30 18:40:35 - deployment_manager - INFO - ======================================================================
2026-03-30 18:40:35 - deployment_manager - INFO - Deployment Configuration:
2026-03-30 18:40:35 - deployment_manager - INFO -   VPS: admin@[VPS_IP]
2026-03-30 18:40:35 - deployment_manager - INFO -   Remote Path: /home/admin/Scootware-Forum
2026-03-30 18:40:35 - deployment_manager - INFO -   Project Root: .
2026-03-30 18:40:35 - deployment_manager - INFO - Connecting to VPS...

======================================================================
  SCOOTWARE FORUM - FULL PRODUCTION DEPLOYMENT
======================================================================

VPS Host:       [VPS_IP]
SSH User:       admin
Remote Path:    /home/admin/Scootware-Forum
Project Root:   .

Exclude Patterns: node_modules, .git, .pglite-data, dist, .env.local, pnpm-lock.yaml

[1/5] Connecting to VPS...
Traceback (most recent call last):
  File "C:\Users\nigga\Downloads\Scootware-Forum\Scootware-Forum\deployment-manager\deploy_now.py", line 54, in <module>
    print(f"      \u2713 Connected to {vps_host}")
    ~~~~~^^^^^^^^^^^^^^^^^^^^^^^^^^^^^^^^^^^^
  File "C:\Users\nigga\AppData\Local\Python\pythoncore-3.14-64\Lib\encodings\cp1252.py", line 19, in encode
    return codecs.charmap_encode(input,self.errors,encoding_table)[0]
           ~~~~~~~~~~~~~~~~~~~~~^^^^^^^^^^^^^^^^^^^^^^^^^^^^^^^^^^
UnicodeEncodeError: 'charmap' codec can't encode character '\u2713' in position 6: character maps to <undefined>

During handling of the above exception, another exception occurred:

Traceback (most recent call last):
  File "C:\Users\nigga\Downloads\Scootware-Forum\Scootware-Forum\deployment-manager\deploy_now.py", line 168, in <module>
    print(f"\n\u2717 DEPLOYMENT FAILED: {e}")
    ~~~~~^^^^^^^^^^^^^^^^^^^^^^^^^^^^^^^
  File "C:\Users\nigga\AppData\Local\Python\pythoncore-3.14-64\Lib\encodings\cp1252.py", line 19, in encode
    return codecs.charmap_encode(input,self.errors,encoding_table)[0]
           ~~~~~~~~~~~~~~~~~~~~~^^^^^^^^^^^^^^^^^^^^^^^^^^^^^^^^^^
UnicodeEncodeError: 'charmap' codec can't encode character '\u2717' in position 2: character maps to <undefined>
